2026-05-12 22:17:44 - INFO - Config saved: C:\Users\Chris Boddy\OneDrive\Documents\Cyber Security and Digital Forensics MSc\Applications of Artificial Intelligence in Cyber Security\Assessment\project\regenerated_results\clustering_1-to-1_20260512_221744\config.json
2026-05-12 22:17:44 - INFO - ============================================================
2026-05-12 22:17:44 - INFO - CLUSTERING (K-MEANS) MODEL
2026-05-12 22:17:44 - INFO - ============================================================
2026-05-12 22:17:46 - DEBUG - Loaded 10 files for Action-potential
2026-05-12 22:17:46 - INFO - Loaded 10 samples from 10 files from test
2026-05-12 22:17:46 - INFO - Ground truth speakers: 1
2026-05-12 22:17:46 - INFO - Feature dimension: 40
2026-05-12 22:17:46 - INFO - Running K-Means with k=1...
2026-05-12 22:17:46 - WARNING - Could not compute silhouette score: Number of labels is 1. Valid values are 2 to n_samples - 1 (inclusive)
2026-05-12 22:17:46 - INFO - ============================================================
2026-05-12 22:17:46 - INFO - CLUSTERING SUMMARY
2026-05-12 22:17:46 - INFO - ============================================================
2026-05-12 22:17:46 - INFO - Clusters:                1
2026-05-12 22:17:46 - INFO - Samples:                 10
2026-05-12 22:17:46 - INFO - Feature dimension:       40
2026-05-12 22:17:46 - INFO - Adjusted Rand Index:     1.0000  (1.0=perfect, 0.0=random)
2026-05-12 22:17:46 - INFO - Normalized Mutual Info:  1.0000  (1.0=perfect, 0.0=random)
2026-05-12 22:17:46 - INFO - Silhouette Score:        0.0000 (-1 to 1, higher is better)
2026-05-12 22:17:46 - INFO - Clustering time:         1.70s
2026-05-12 22:17:46 - INFO - ============================================================
2026-05-12 22:17:46 - INFO - Metrics saved for stage: clustering_complete
2026-05-12 22:17:46 - INFO - Summary saved: C:\Users\Chris Boddy\OneDrive\Documents\Cyber Security and Digital Forensics MSc\Applications of Artificial Intelligence in Cyber Security\Assessment\project\regenerated_results\clustering_1-to-1_20260512_221744\summary.json
