2026-05-12 12:35:52 - INFO - Config saved: results\knn_1-to-1_20260512_123552\config.json
2026-05-12 12:35:52 - INFO - ============================================================
2026-05-12 12:35:52 - INFO - K-NEAREST NEIGHBORS MODEL TRAINING
2026-05-12 12:35:52 - INFO - ============================================================
2026-05-12 12:35:54 - DEBUG - Loaded 10 files for Action-potential
2026-05-12 12:35:54 - INFO - Loaded 10 samples from 10 files
2026-05-12 12:35:54 - INFO - Training KNN with k=5...
2026-05-12 12:35:54 - INFO - ============================================================
2026-05-12 12:35:54 - INFO - TRAINING SUMMARY
2026-05-12 12:35:54 - INFO - ============================================================
2026-05-12 12:35:54 - INFO - Speakers:              1
2026-05-12 12:35:54 - INFO - Training samples:      10
2026-05-12 12:35:54 - INFO - Feature dimension:     40
2026-05-12 12:35:54 - INFO - K value:               5
2026-05-12 12:35:54 - INFO - Training time:         1.91s
2026-05-12 12:35:54 - INFO - ============================================================
2026-05-12 12:35:54 - INFO - Metrics saved for stage: training_complete
2026-05-12 12:35:54 - INFO - ============================================================
2026-05-12 12:35:54 - INFO - K-NEAREST NEIGHBORS MODEL EVALUATION
2026-05-12 12:35:54 - INFO - ============================================================
2026-05-12 12:35:56 - DEBUG - Loaded 10 files for Action-potential
2026-05-12 12:35:56 - INFO - Loaded 10 test samples
2026-05-12 12:35:56 - INFO - ============================================================
2026-05-12 12:35:56 - INFO - EVALUATION SUMMARY
2026-05-12 12:35:56 - INFO - ============================================================
2026-05-12 12:35:56 - INFO - Total processed:       10
2026-05-12 12:35:56 - INFO - Correct predictions:   10
2026-05-12 12:35:56 - INFO - Incorrect predictions: 0
2026-05-12 12:35:56 - INFO - Accuracy:              1.0000 (100.00%)
2026-05-12 12:35:56 - INFO - FNMR:                  0.0000
2026-05-12 12:35:56 - INFO - FMR:                   0.0000
2026-05-12 12:35:56 - INFO - Evaluation time:       1.82s
2026-05-12 12:35:56 - INFO - ============================================================
2026-05-12 12:35:56 - INFO - Metrics saved for stage: evaluation_complete
2026-05-12 12:35:56 - INFO - Summary saved: results\knn_1-to-1_20260512_123552\summary.json
