2026-05-12 14:23:19 - INFO - 
======================================================================
2026-05-12 14:23:19 - INFO - CNN: n-to-n
2026-05-12 14:23:19 - INFO - ======================================================================

2026-05-12 14:23:19 - INFO - ============================================================
2026-05-12 14:23:19 - INFO - CNN MODEL TRAINING
2026-05-12 14:23:19 - INFO - ============================================================
2026-05-12 14:23:20 - DEBUG - Loaded 5 files for 103-i103
2026-05-12 14:23:21 - DEBUG - Loaded 5 files for 1034-a1034
2026-05-12 14:23:22 - DEBUG - Loaded 5 files for 1040-b1040
2026-05-12 14:23:22 - DEBUG - Loaded 5 files for 1069-c1069
2026-05-12 14:23:23 - DEBUG - Loaded 5 files for 1081-d1081
2026-05-12 14:23:24 - DEBUG - Loaded 5 files for 118-a118
2026-05-12 14:23:25 - DEBUG - Loaded 5 files for 125-a125
2026-05-12 14:23:25 - DEBUG - Loaded 5 files for 19-a19
2026-05-12 14:23:26 - DEBUG - Loaded 5 files for 26-b26
2026-05-12 14:23:27 - DEBUG - Loaded 5 files for 27-c27
2026-05-12 14:23:27 - DEBUG - Loaded 5 files for 32-d32
2026-05-12 14:23:28 - DEBUG - Loaded 5 files for 39-e39
2026-05-12 14:23:29 - DEBUG - Loaded 5 files for 40-f40
2026-05-12 14:23:29 - DEBUG - Loaded 5 files for 60-g60
2026-05-12 14:23:30 - DEBUG - Loaded 5 files for 78-h78
2026-05-12 14:23:31 - DEBUG - Loaded 5 files for 83-f83
2026-05-12 14:23:31 - DEBUG - Loaded 5 files for 87-g87
2026-05-12 14:23:32 - DEBUG - Loaded 5 files for 89-h89
2026-05-12 14:23:36 - DEBUG - Loaded 30 files for Action-potential
2026-05-12 14:23:43 - DEBUG - Loaded 30 files for Adrianne-Wadewitz
2026-05-12 14:23:50 - DEBUG - Loaded 46 files for Air-tractor_sledge
2026-05-12 14:23:54 - DEBUG - Loaded 14 files for Alan-Harper_(Two_and_a_Half_Men)
2026-05-12 14:24:01 - DEBUG - Loaded 44 files for Ali-G
2026-05-12 14:24:08 - DEBUG - Loaded 45 files for Alleyway-1
2026-05-12 14:24:12 - DEBUG - Loaded 26 files for Ana-Lucia_Cortez
2026-05-12 14:24:13 - DEBUG - Loaded 5 files for anthonyschaller-20071221-
2026-05-12 14:24:13 - DEBUG - Loaded 5 files for Apple_Eater-20091026-yul
2026-05-12 14:24:13 - DEBUG - Loaded 5 files for Ara-20091021-wpl
2026-05-12 14:24:14 - DEBUG - Loaded 5 files for Ara2-20-vni
2026-05-12 14:24:14 - DEBUG - Loaded 5 files for argail-20090722-gau
2026-05-12 14:24:15 - DEBUG - Loaded 5 files for ariyan-20120801-gra
2026-05-12 14:24:15 - DEBUG - Loaded 5 files for arjuan-20100820-acz
2026-05-12 14:24:15 - DEBUG - Loaded 5 files for armond-20121229-wca
2026-05-12 14:24:16 - DEBUG - Loaded 5 files for Artem-20121123-ebd
2026-05-12 14:24:16 - DEBUG - Loaded 5 files for arthur-20130509-yjj
2026-05-12 14:24:17 - DEBUG - Loaded 5 files for artk-20101225-kvd
2026-05-12 14:24:17 - DEBUG - Loaded 5 files for arun-20100928-usw
2026-05-12 14:24:17 - DEBUG - Loaded 5 files for arvala-20110103-nlb
2026-05-12 14:24:18 - DEBUG - Loaded 5 files for asalkeld-20111226-ets
2026-05-12 14:24:18 - DEBUG - Loaded 5 files for asladic-20100311-bfp
2026-05-12 14:24:18 - DEBUG - Loaded 5 files for AslakKnutsen-20140314-bje
2026-05-12 14:24:18 - DEBUG - Loaded 5 files for AslakKnutsen-20140314-crb
2026-05-12 14:24:19 - DEBUG - Loaded 5 files for asp-20091228-inn
2026-05-12 14:24:19 - DEBUG - Loaded 5 files for asp-20091228-qtl
2026-05-12 14:24:19 - DEBUG - Loaded 5 files for AT-20130718-lws
2026-05-12 14:24:19 - DEBUG - Loaded 5 files for atamur-20090211-wdo
2026-05-12 14:24:20 - DEBUG - Loaded 5 files for ataru80-20120624-hfe
2026-05-12 14:24:21 - DEBUG - Loaded 16 files for atterer-01202007-a
2026-05-12 14:24:22 - DEBUG - Loaded 20 files for atterer-01202007-b
2026-05-12 14:24:22 - DEBUG - Loaded 5 files for audioodyssey-20081109-rew
2026-05-12 14:24:23 - DEBUG - Loaded 20 files for avsa242-20071208
2026-05-12 14:24:23 - DEBUG - Loaded 5 files for ax-20150219-yhd
2026-05-12 14:24:24 - DEBUG - Loaded 5 files for axllaruse-20140112-ced
2026-05-12 14:24:24 - DEBUG - Loaded 5 files for azmisov-20140428-cyp
2026-05-12 14:24:24 - DEBUG - Loaded 5 files for B-20091220-vus
2026-05-12 14:24:24 - DEBUG - Loaded 5 files for bachroxx-20080119-tuu
2026-05-12 14:24:29 - DEBUG - Loaded 35 files for Baden-Powell_House
2026-05-12 14:24:30 - DEBUG - Loaded 5 files for bae-20110617-vdq
2026-05-12 14:24:30 - DEBUG - Loaded 5 files for Bahoke-20130721-brs
2026-05-12 14:24:30 - DEBUG - Loaded 5 files for Bareford-20101110-qkl
2026-05-12 14:24:31 - DEBUG - Loaded 5 files for bart-20090807-ufp
2026-05-12 14:24:31 - DEBUG - Loaded 5 files for Bassel-20120209-xky
2026-05-12 14:24:31 - DEBUG - Loaded 5 files for bdutta-20090502-crj
2026-05-12 14:24:31 - DEBUG - Loaded 5 files for beady-20100219-xpq
2026-05-12 14:24:31 - DEBUG - Loaded 5 files for bebe-20100419-gpw
2026-05-12 14:24:32 - DEBUG - Loaded 5 files for becz03-20121205-xvx
2026-05-12 14:24:32 - DEBUG - Loaded 5 files for belmontguy-20110426-geu
2026-05-12 14:24:32 - DEBUG - Loaded 5 files for ben-20090326-cpr
2026-05-12 14:24:33 - DEBUG - Loaded 5 files for bencoder-20080418-iev
2026-05-12 14:24:33 - DEBUG - Loaded 5 files for bendauphinee-20100423-dtj
2026-05-12 14:24:33 - DEBUG - Loaded 5 files for bendra-20141108-xnz
2026-05-12 14:24:33 - DEBUG - Loaded 5 files for bennmann-20091102-apc
2026-05-12 14:24:34 - DEBUG - Loaded 5 files for benob-20090314-wzw
2026-05-12 14:24:34 - DEBUG - Loaded 5 files for benoliver999-20100207-euk
2026-05-12 14:24:34 - DEBUG - Loaded 5 files for Berrym-20101102-aiv
2026-05-12 14:24:38 - DEBUG - Loaded 30 files for Beverage-can_stove
2026-05-12 14:24:38 - DEBUG - Loaded 5 files for BFG-20120316-bdl
2026-05-12 14:24:38 - DEBUG - Loaded 5 files for bhart-20100106-djk
2026-05-12 14:24:39 - DEBUG - Loaded 5 files for bhavanikrishna-20100108-kth
2026-05-12 14:24:39 - DEBUG - Loaded 5 files for BhushanNKIITBombay-20140219-bbj
2026-05-12 14:24:39 - DEBUG - Loaded 5 files for bhuvan-20091111-cil
2026-05-12 14:24:40 - DEBUG - Loaded 5 files for bigmbywater-20100821-atk
2026-05-12 14:24:40 - DEBUG - Loaded 5 files for BigMick-20090919-pvv
2026-05-12 14:24:40 - DEBUG - Loaded 5 files for BillMorgan-20120306-aef
2026-05-12 14:24:40 - DEBUG - Loaded 5 files for Bitbrit-20090528-fsw
2026-05-12 14:24:41 - DEBUG - Loaded 5 files for Blackdrive-20080605-vwx
2026-05-12 14:24:41 - DEBUG - Loaded 5 files for Blenderkitty-20090615-qcv
2026-05-12 14:24:41 - DEBUG - Loaded 5 files for BlindPilot-20100610-ama
2026-05-12 14:24:41 - DEBUG - Loaded 5 files for blood-20100308-gbb
2026-05-12 14:24:42 - DEBUG - Loaded 5 files for bloomtom-20080612-mvm
2026-05-12 14:24:42 - DEBUG - Loaded 5 files for BlueAgent-20120819-dok
2026-05-12 14:24:42 - DEBUG - Loaded 5 files for BlueB-20090727-ckj
2026-05-12 14:24:43 - DEBUG - Loaded 13 files for bluefox83-20080413-bwq
2026-05-12 14:24:43 - DEBUG - Loaded 5 files for bluepeppers-20091030-kqs
2026-05-12 14:24:43 - DEBUG - Loaded 5 files for bluSch-20100525-bqg
2026-05-12 14:24:44 - DEBUG - Loaded 5 files for Bob-20100106-mwu
2026-05-12 14:24:44 - DEBUG - Loaded 5 files for BobHallstrom-20150105-tmy
2026-05-12 14:24:45 - DEBUG - Loaded 4 files for bobriva123-20100611-cuz
2026-05-12 14:24:45 - DEBUG - Loaded 5 files for bonzer-20090919-btg
2026-05-12 14:24:51 - DEBUG - Loaded 25 files for Davy-Crockett
2026-05-12 14:24:52 - INFO - Loaded 823 samples from 823 files
2026-05-12 14:24:52 - INFO - Classes: 100
2026-05-12 14:24:52 - INFO - Input shape: (823, 300, 40, 1)
2026-05-12 14:24:52 - INFO - Building CNN model...
2026-05-12 14:24:57 - INFO - Training for 30 epochs with batch size 8...
2026-05-12 14:29:37 - INFO - ============================================================
2026-05-12 14:29:37 - INFO - TRAINING SUMMARY
2026-05-12 14:29:37 - INFO - ============================================================
2026-05-12 14:29:37 - INFO - Classes:               100
2026-05-12 14:29:37 - INFO - Training samples:      823
2026-05-12 14:29:37 - INFO - Input shape:           (823, 300, 40, 1)
2026-05-12 14:29:37 - INFO - Epochs:                30
2026-05-12 14:29:37 - INFO - Batch size:            8
2026-05-12 14:29:37 - INFO - Final train loss:      0.1295
2026-05-12 14:29:37 - INFO - Final train accuracy:  0.9635
2026-05-12 14:29:37 - INFO - Training time:         377.57s
2026-05-12 14:29:37 - INFO - ============================================================
2026-05-12 14:29:37 - INFO - Metrics saved for stage: training_complete
2026-05-12 14:29:37 - INFO - ============================================================
2026-05-12 14:29:37 - INFO - CNN MODEL EVALUATION
2026-05-12 14:29:37 - INFO - ============================================================
2026-05-12 14:29:38 - DEBUG - Loaded 5 files for 103-i103
2026-05-12 14:29:38 - DEBUG - Loaded 5 files for 1034-a1034
2026-05-12 14:29:39 - DEBUG - Loaded 5 files for 1040-b1040
2026-05-12 14:29:40 - DEBUG - Loaded 5 files for 1069-c1069
2026-05-12 14:29:40 - DEBUG - Loaded 5 files for 1081-d1081
2026-05-12 14:29:41 - DEBUG - Loaded 5 files for 118-a118
2026-05-12 14:29:42 - DEBUG - Loaded 5 files for 125-a125
2026-05-12 14:29:42 - DEBUG - Loaded 5 files for 19-a19
2026-05-12 14:29:43 - DEBUG - Loaded 5 files for 26-b26
2026-05-12 14:29:43 - DEBUG - Loaded 5 files for 27-c27
2026-05-12 14:29:44 - DEBUG - Loaded 5 files for 32-d32
2026-05-12 14:29:45 - DEBUG - Loaded 5 files for 39-e39
2026-05-12 14:29:45 - DEBUG - Loaded 5 files for 40-f40
2026-05-12 14:29:46 - DEBUG - Loaded 5 files for 60-g60
2026-05-12 14:29:47 - DEBUG - Loaded 5 files for 78-h78
2026-05-12 14:29:47 - DEBUG - Loaded 5 files for 83-f83
2026-05-12 14:29:48 - DEBUG - Loaded 5 files for 87-g87
2026-05-12 14:29:49 - DEBUG - Loaded 5 files for 89-h89
2026-05-12 14:29:52 - DEBUG - Loaded 27 files for Action-potential
2026-05-12 14:30:00 - DEBUG - Loaded 29 files for Adrianne-Wadewitz
2026-05-12 14:30:05 - DEBUG - Loaded 45 files for Air-tractor_sledge
2026-05-12 14:30:08 - DEBUG - Loaded 12 files for Alan-Harper_(Two_and_a_Half_Men)
2026-05-12 14:30:14 - DEBUG - Loaded 43 files for Ali-G
2026-05-12 14:30:19 - DEBUG - Loaded 45 files for Alleyway-1
2026-05-12 14:30:22 - DEBUG - Loaded 25 files for Ana-Lucia_Cortez
2026-05-12 14:30:22 - DEBUG - Loaded 5 files for anthonyschaller-20071221-
2026-05-12 14:30:22 - DEBUG - Loaded 5 files for Apple_Eater-20091026-yul
2026-05-12 14:30:23 - DEBUG - Loaded 5 files for Ara-20091021-wpl
2026-05-12 14:30:23 - DEBUG - Loaded 5 files for Ara2-20-vni
2026-05-12 14:30:24 - DEBUG - Loaded 5 files for argail-20090722-gau
2026-05-12 14:30:24 - DEBUG - Loaded 5 files for ariyan-20120801-gra
2026-05-12 14:30:24 - DEBUG - Loaded 5 files for arjuan-20100820-acz
2026-05-12 14:30:25 - DEBUG - Loaded 4 files for armond-20121229-wca
2026-05-12 14:30:25 - DEBUG - Loaded 5 files for Artem-20121123-ebd
2026-05-12 14:30:25 - DEBUG - Loaded 5 files for arthur-20130509-yjj
2026-05-12 14:30:26 - DEBUG - Loaded 5 files for artk-20101225-kvd
2026-05-12 14:30:26 - DEBUG - Loaded 5 files for arun-20100928-usw
2026-05-12 14:30:26 - DEBUG - Loaded 5 files for arvala-20110103-nlb
2026-05-12 14:30:26 - DEBUG - Loaded 5 files for asalkeld-20111226-ets
2026-05-12 14:30:27 - DEBUG - Loaded 5 files for asladic-20100311-bfp
2026-05-12 14:30:27 - DEBUG - Loaded 5 files for AslakKnutsen-20140314-bje
2026-05-12 14:30:27 - DEBUG - Loaded 5 files for AslakKnutsen-20140314-crb
2026-05-12 14:30:27 - DEBUG - Loaded 5 files for asp-20091228-inn
2026-05-12 14:30:28 - DEBUG - Loaded 5 files for asp-20091228-qtl
2026-05-12 14:30:28 - DEBUG - Loaded 5 files for AT-20130718-lws
2026-05-12 14:30:28 - DEBUG - Loaded 5 files for atamur-20090211-wdo
2026-05-12 14:30:29 - DEBUG - Loaded 5 files for ataru80-20120624-hfe
2026-05-12 14:30:29 - DEBUG - Loaded 15 files for atterer-01202007-a
2026-05-12 14:30:30 - DEBUG - Loaded 20 files for atterer-01202007-b
2026-05-12 14:30:31 - DEBUG - Loaded 5 files for audioodyssey-20081109-rew
2026-05-12 14:30:32 - DEBUG - Loaded 19 files for avsa242-20071208
2026-05-12 14:30:32 - DEBUG - Loaded 5 files for ax-20150219-yhd
2026-05-12 14:30:32 - DEBUG - Loaded 5 files for axllaruse-20140112-ced
2026-05-12 14:30:33 - DEBUG - Loaded 5 files for azmisov-20140428-cyp
2026-05-12 14:30:33 - DEBUG - Loaded 5 files for B-20091220-vus
2026-05-12 14:30:33 - DEBUG - Loaded 5 files for bachroxx-20080119-tuu
2026-05-12 14:30:37 - DEBUG - Loaded 35 files for Baden-Powell_House
2026-05-12 14:30:38 - DEBUG - Loaded 5 files for bae-20110617-vdq
2026-05-12 14:30:38 - DEBUG - Loaded 5 files for Bahoke-20130721-brs
2026-05-12 14:30:38 - DEBUG - Loaded 5 files for Bareford-20101110-qkl
2026-05-12 14:30:38 - DEBUG - Loaded 5 files for bart-20090807-ufp
2026-05-12 14:30:39 - DEBUG - Loaded 5 files for Bassel-20120209-xky
2026-05-12 14:30:39 - DEBUG - Loaded 5 files for bdutta-20090502-crj
2026-05-12 14:30:39 - DEBUG - Loaded 5 files for beady-20100219-xpq
2026-05-12 14:30:39 - DEBUG - Loaded 5 files for bebe-20100419-gpw
2026-05-12 14:30:40 - DEBUG - Loaded 5 files for becz03-20121205-xvx
2026-05-12 14:30:40 - DEBUG - Loaded 5 files for belmontguy-20110426-geu
2026-05-12 14:30:40 - DEBUG - Loaded 5 files for ben-20090326-cpr
2026-05-12 14:30:40 - DEBUG - Loaded 5 files for bencoder-20080418-iev
2026-05-12 14:30:41 - DEBUG - Loaded 5 files for bendauphinee-20100423-dtj
2026-05-12 14:30:41 - DEBUG - Loaded 5 files for bendra-20141108-xnz
2026-05-12 14:30:41 - DEBUG - Loaded 5 files for bennmann-20091102-apc
2026-05-12 14:30:41 - DEBUG - Loaded 5 files for benob-20090314-wzw
2026-05-12 14:30:42 - DEBUG - Loaded 5 files for benoliver999-20100207-euk
2026-05-12 14:30:42 - DEBUG - Loaded 5 files for Berrym-20101102-aiv
2026-05-12 14:30:45 - DEBUG - Loaded 30 files for Beverage-can_stove
2026-05-12 14:30:46 - DEBUG - Loaded 5 files for BFG-20120316-bdl
2026-05-12 14:30:46 - DEBUG - Loaded 5 files for bhart-20100106-djk
2026-05-12 14:30:46 - DEBUG - Loaded 5 files for bhavanikrishna-20100108-kth
2026-05-12 14:30:47 - DEBUG - Loaded 5 files for BhushanNKIITBombay-20140219-bbj
2026-05-12 14:30:47 - DEBUG - Loaded 5 files for bhuvan-20091111-cil
2026-05-12 14:30:47 - DEBUG - Loaded 5 files for bigmbywater-20100821-atk
2026-05-12 14:30:47 - DEBUG - Loaded 5 files for BigMick-20090919-pvv
2026-05-12 14:30:48 - DEBUG - Loaded 5 files for BillMorgan-20120306-aef
2026-05-12 14:30:48 - DEBUG - Loaded 5 files for Bitbrit-20090528-fsw
2026-05-12 14:30:48 - DEBUG - Loaded 5 files for Blackdrive-20080605-vwx
2026-05-12 14:30:48 - DEBUG - Loaded 5 files for Blenderkitty-20090615-qcv
2026-05-12 14:30:49 - DEBUG - Loaded 5 files for BlindPilot-20100610-ama
2026-05-12 14:30:49 - DEBUG - Loaded 5 files for blood-20100308-gbb
2026-05-12 14:30:49 - DEBUG - Loaded 5 files for bloomtom-20080612-mvm
2026-05-12 14:30:49 - DEBUG - Loaded 5 files for BlueAgent-20120819-dok
2026-05-12 14:30:49 - DEBUG - Loaded 5 files for BlueB-20090727-ckj
2026-05-12 14:30:50 - DEBUG - Loaded 12 files for bluefox83-20080413-bwq
2026-05-12 14:30:50 - DEBUG - Loaded 5 files for bluepeppers-20091030-kqs
2026-05-12 14:30:51 - DEBUG - Loaded 5 files for bluSch-20100525-bqg
2026-05-12 14:30:51 - DEBUG - Loaded 5 files for Bob-20100106-mwu
2026-05-12 14:30:52 - DEBUG - Loaded 5 files for BobHallstrom-20150105-tmy
2026-05-12 14:30:52 - DEBUG - Loaded 4 files for bobriva123-20100611-cuz
2026-05-12 14:30:52 - DEBUG - Loaded 5 files for bonzer-20090919-btg
2026-05-12 14:30:58 - DEBUG - Loaded 25 files for Davy-Crockett
2026-05-12 14:30:58 - INFO - Loaded 810 test samples
2026-05-12 14:30:58 - INFO - Making predictions...
2026-05-12 14:31:00 - INFO - ============================================================
2026-05-12 14:31:00 - INFO - EVALUATION SUMMARY
2026-05-12 14:31:00 - INFO - ============================================================
2026-05-12 14:31:00 - INFO - Total processed:       810
2026-05-12 14:31:00 - INFO - Correct predictions:   267
2026-05-12 14:31:00 - INFO - Incorrect predictions: 543
2026-05-12 14:31:00 - INFO - Accuracy:              0.3296 (32.96%)
2026-05-12 14:31:00 - INFO - FNMR:                  0.0000
2026-05-12 14:31:00 - INFO - FMR:                   0.6704
2026-05-12 14:31:00 - INFO - Evaluation time:       82.67s
2026-05-12 14:31:00 - INFO - ============================================================
2026-05-12 14:31:00 - INFO - Metrics saved for stage: evaluation_complete
2026-05-12 14:31:00 - INFO - Summary saved: results\cnn_n-to-n_20260512_142319\summary.json
