2026-05-12 22:23:25 - INFO - Config saved: C:\Users\Chris Boddy\OneDrive\Documents\Cyber Security and Digital Forensics MSc\Applications of Artificial Intelligence in Cyber Security\Assessment\project\regenerated_results\clustering_1-to-n_20260512_222325\config.json
2026-05-12 22:23:25 - INFO - ============================================================
2026-05-12 22:23:25 - INFO - CLUSTERING (K-MEANS) MODEL
2026-05-12 22:23:25 - INFO - ============================================================
2026-05-12 22:23:26 - DEBUG - Loaded 10 files for Action-potential
2026-05-12 22:23:43 - DEBUG - Loaded 59 files for Adrianne-Wadewitz
2026-05-12 22:23:55 - DEBUG - Loaded 91 files for Air-tractor_sledge
2026-05-12 22:24:02 - DEBUG - Loaded 26 files for Alan-Harper_(Two_and_a_Half_Men)
2026-05-12 22:24:14 - DEBUG - Loaded 87 files for Ali-G
2026-05-12 22:24:26 - DEBUG - Loaded 90 files for Alleyway-1
2026-05-12 22:24:33 - DEBUG - Loaded 51 files for Ana-Lucia_Cortez
2026-05-12 22:24:33 - DEBUG - Loaded 10 files for anthonyschaller-20071221-
2026-05-12 22:24:33 - DEBUG - Loaded 10 files for Apple_Eater-20091026-yul
2026-05-12 22:24:34 - DEBUG - Loaded 10 files for Ara-20091021-wpl
2026-05-12 22:24:35 - DEBUG - Loaded 10 files for Ara2-20-vni
2026-05-12 22:24:36 - DEBUG - Loaded 10 files for atamur-20090211-wdo
2026-05-12 22:24:36 - DEBUG - Loaded 10 files for ataru80-20120624-hfe
2026-05-12 22:24:38 - DEBUG - Loaded 40 files for atterer-01202007-b
2026-05-12 22:24:48 - DEBUG - Loaded 70 files for Baden-Powell_House
2026-05-12 22:24:55 - DEBUG - Loaded 60 files for Beverage-can_stove
2026-05-12 22:25:08 - DEBUG - Loaded 50 files for Davy-Crockett
2026-05-12 22:25:08 - INFO - Loaded 694 samples from 694 files from test
2026-05-12 22:25:08 - INFO - Ground truth speakers: 17
2026-05-12 22:25:08 - INFO - Feature dimension: 40
2026-05-12 22:25:08 - INFO - Running K-Means with k=17...
2026-05-12 22:25:08 - INFO - ============================================================
2026-05-12 22:25:08 - INFO - CLUSTERING SUMMARY
2026-05-12 22:25:08 - INFO - ============================================================
2026-05-12 22:25:08 - INFO - Clusters:                17
2026-05-12 22:25:08 - INFO - Samples:                 694
2026-05-12 22:25:08 - INFO - Feature dimension:       40
2026-05-12 22:25:08 - INFO - Adjusted Rand Index:     0.0703  (1.0=perfect, 0.0=random)
2026-05-12 22:25:08 - INFO - Normalized Mutual Info:  0.2370  (1.0=perfect, 0.0=random)
2026-05-12 22:25:08 - INFO - Silhouette Score:        0.0339 (-1 to 1, higher is better)
2026-05-12 22:25:08 - INFO - Clustering time:         103.40s
2026-05-12 22:25:08 - INFO - ============================================================
2026-05-12 22:25:08 - INFO - Metrics saved for stage: clustering_complete
2026-05-12 22:25:08 - INFO - Summary saved: C:\Users\Chris Boddy\OneDrive\Documents\Cyber Security and Digital Forensics MSc\Applications of Artificial Intelligence in Cyber Security\Assessment\project\regenerated_results\clustering_1-to-n_20260512_222325\summary.json
