2026-05-12 12:36:16 - INFO - Config saved: results\rf_1-to-n_20260512_123616\config.json
2026-05-12 12:36:16 - INFO - ============================================================
2026-05-12 12:36:16 - INFO - RANDOM FOREST MODEL TRAINING
2026-05-12 12:36:16 - INFO - ============================================================
2026-05-12 12:36:18 - DEBUG - Loaded 10 files for Action-potential
2026-05-12 12:36:18 - INFO - Loaded 10 samples from 10 files
2026-05-12 12:36:18 - INFO - Training Random Forest with 200 trees...
2026-05-12 12:36:19 - INFO - ============================================================
2026-05-12 12:36:19 - INFO - TRAINING SUMMARY
2026-05-12 12:36:19 - INFO - ============================================================
2026-05-12 12:36:19 - INFO - Speakers:              1
2026-05-12 12:36:19 - INFO - Training samples:      10
2026-05-12 12:36:19 - INFO - Feature dimension:     40
2026-05-12 12:36:19 - INFO - Trees:                 200
2026-05-12 12:36:19 - INFO - Training time:         2.29s
2026-05-12 12:36:19 - INFO - ============================================================
2026-05-12 12:36:19 - INFO - Metrics saved for stage: training_complete
2026-05-12 12:36:19 - INFO - ============================================================
2026-05-12 12:36:19 - INFO - RANDOM FOREST MODEL EVALUATION
2026-05-12 12:36:19 - INFO - ============================================================
2026-05-12 12:36:21 - DEBUG - Loaded 10 files for Action-potential
2026-05-12 12:36:41 - DEBUG - Loaded 59 files for Adrianne-Wadewitz
2026-05-12 12:37:03 - DEBUG - Loaded 91 files for Air-tractor_sledge
2026-05-12 12:37:20 - DEBUG - Loaded 26 files for Alan-Harper_(Two_and_a_Half_Men)
2026-05-12 12:37:46 - DEBUG - Loaded 87 files for Ali-G
2026-05-12 12:38:13 - DEBUG - Loaded 90 files for Alleyway-1
2026-05-12 12:38:27 - DEBUG - Loaded 51 files for Ana-Lucia_Cortez
2026-05-12 12:38:28 - DEBUG - Loaded 10 files for anthonyschaller-20071221-
2026-05-12 12:38:29 - DEBUG - Loaded 10 files for Apple_Eater-20091026-yul
2026-05-12 12:38:32 - DEBUG - Loaded 10 files for Ara-20091021-wpl
2026-05-12 12:38:33 - DEBUG - Loaded 10 files for Ara2-20-vni
2026-05-12 12:38:34 - DEBUG - Loaded 10 files for atamur-20090211-wdo
2026-05-12 12:38:36 - DEBUG - Loaded 10 files for ataru80-20120624-hfe
2026-05-12 12:38:41 - DEBUG - Loaded 40 files for atterer-01202007-b
2026-05-12 12:39:03 - DEBUG - Loaded 70 files for Baden-Powell_House
2026-05-12 12:39:19 - DEBUG - Loaded 60 files for Beverage-can_stove
2026-05-12 12:39:47 - DEBUG - Loaded 50 files for Davy-Crockett
2026-05-12 12:39:47 - INFO - Loaded 694 test samples
