2026-05-12 10:49:11 - INFO - Config saved: results\rf_1-to-1_20260512_104911\config.json
2026-05-12 10:49:11 - INFO - ============================================================
2026-05-12 10:49:11 - INFO - RANDOM FOREST MODEL TRAINING
2026-05-12 10:49:11 - INFO - ============================================================
2026-05-12 10:49:12 - DEBUG - Loaded 10 files for Action-potential
2026-05-12 10:49:12 - INFO - Loaded 10 samples from 10 files
2026-05-12 10:49:12 - INFO - Training Random Forest with 200 trees...
2026-05-12 10:49:13 - INFO - ============================================================
2026-05-12 10:49:13 - INFO - TRAINING SUMMARY
2026-05-12 10:49:13 - INFO - ============================================================
2026-05-12 10:49:13 - INFO - Speakers:              1
2026-05-12 10:49:13 - INFO - Training samples:      10
2026-05-12 10:49:13 - INFO - Feature dimension:     40
2026-05-12 10:49:13 - INFO - Trees:                 200
2026-05-12 10:49:13 - INFO - Training time:         2.14s
2026-05-12 10:49:13 - INFO - ============================================================
2026-05-12 10:49:13 - INFO - Metrics saved for stage: training_complete
2026-05-12 10:49:13 - INFO - ============================================================
2026-05-12 10:49:13 - INFO - RANDOM FOREST MODEL EVALUATION
2026-05-12 10:49:13 - INFO - ============================================================
2026-05-12 10:49:15 - DEBUG - Loaded 10 files for Action-potential
2026-05-12 10:49:15 - INFO - Loaded 10 test samples
2026-05-12 10:49:15 - INFO - ============================================================
2026-05-12 10:49:15 - INFO - EVALUATION SUMMARY
2026-05-12 10:49:15 - INFO - ============================================================
2026-05-12 10:49:15 - INFO - Total processed:       10
2026-05-12 10:49:15 - INFO - Correct predictions:   10
2026-05-12 10:49:15 - INFO - Incorrect predictions: 0
2026-05-12 10:49:15 - INFO - Accuracy:              1.0000 (100.00%)
2026-05-12 10:49:15 - INFO - FNMR:                  0.0000
2026-05-12 10:49:15 - INFO - FMR:                   0.0000
2026-05-12 10:49:15 - INFO - Evaluation time:       1.98s
2026-05-12 10:49:15 - INFO - ============================================================
2026-05-12 10:49:15 - INFO - Metrics saved for stage: evaluation_complete
2026-05-12 10:49:15 - INFO - Summary saved: results\rf_1-to-1_20260512_104911\summary.json
