2026-05-12 15:36:41 - INFO - 
======================================================================
2026-05-12 15:36:41 - INFO - GMM-UBM EXPERIMENT: 1-to-n
2026-05-12 15:36:41 - INFO - ======================================================================

2026-05-12 15:36:41 - INFO - Starting training phase...
2026-05-12 15:36:41 - INFO - Cleared previous models from speaker_models
2026-05-12 15:36:41 - INFO - Cleared previous UBM from ubm_model
2026-05-12 15:36:41 - INFO - ============================================================
2026-05-12 15:36:41 - INFO - GMM-UBM MODEL TRAINING
2026-05-12 15:36:41 - INFO - ============================================================
2026-05-12 15:36:41 - INFO - Audio files path: ../data/1-to-n\train
2026-05-12 15:36:41 - INFO - N components: 16
2026-05-12 15:36:41 - DEBUG - Processing speaker: Action-potential
2026-05-12 15:36:44 - INFO - [OK] Model trained: Action-potential | Features: (9990, 40) | Audio files: 10
2026-05-12 15:36:45 - INFO - [OK] UBM trained | Features: (9990, 40)
2026-05-12 15:36:45 - INFO - ============================================================
2026-05-12 15:36:45 - INFO - TRAINING SUMMARY
2026-05-12 15:36:45 - INFO - ============================================================
2026-05-12 15:36:45 - INFO - Speakers trained:    1
2026-05-12 15:36:45 - INFO - Audio files:         10
2026-05-12 15:36:45 - INFO - Total features:      54945
2026-05-12 15:36:45 - INFO - Training time:       4.33s
2026-05-12 15:36:45 - INFO - ============================================================
2026-05-12 15:36:45 - INFO - Metrics saved for stage: training_complete
2026-05-12 15:36:45 - INFO - Summary saved: results\gmm_ubm_1-to-n_20260512_153641\summary.json
2026-05-12 15:36:45 - INFO - Starting testing phase...
2026-05-12 15:36:45 - INFO - ============================================================
2026-05-12 15:36:45 - INFO - GMM-UBM MODEL EVALUATION
2026-05-12 15:36:45 - INFO - ============================================================
2026-05-12 15:36:45 - INFO - Models folder: speaker_models
2026-05-12 15:36:45 - INFO - Test folder: ../data/1-to-n\test
2026-05-12 15:36:45 - INFO - Threshold: -25
2026-05-12 15:36:45 - INFO - [OK] Loaded 1 speaker models
2026-05-12 15:36:45 - INFO - [OK] Loaded UBM model
2026-05-12 15:36:45 - DEBUG - Processing speaker: Action-potential
2026-05-12 15:36:47 - INFO - [OK] CORRECT: Action-potential -> Action-potential (LLR=   0.03, GMM= -23.30)
2026-05-12 15:36:47 - DEBUG - Processing speaker: Adrianne-Wadewitz
2026-05-12 15:37:10 - INFO - - NO MATCH: Adrianne-Wadewitz -> Action-potential (LLR=   0.03, GMM= -28.12)
2026-05-12 15:37:10 - DEBUG - Processing speaker: Air-tractor_sledge
2026-05-12 15:37:26 - INFO - - NO MATCH: Air-tractor_sledge -> Action-potential (LLR=   0.08, GMM= -29.08)
2026-05-12 15:37:26 - DEBUG - Processing speaker: Alan-Harper_(Two_and_a_Half_Men)
2026-05-12 15:37:35 - INFO - - NO MATCH: Alan-Harper_(Two_and_a_Half_Men) -> Action-potential (LLR=  -0.14, GMM= -28.68)
2026-05-12 15:37:35 - DEBUG - Processing speaker: Ali-G
2026-05-12 15:37:50 - INFO - - NO MATCH: Ali-G           -> Action-potential (LLR=   0.01, GMM= -26.73)
2026-05-12 15:37:50 - DEBUG - Processing speaker: Alleyway-1
2026-05-12 15:38:07 - INFO - - NO MATCH: Alleyway-1      -> Action-potential (LLR=  -0.04, GMM= -29.56)
2026-05-12 15:38:07 - DEBUG - Processing speaker: Ana-Lucia_Cortez
2026-05-12 15:38:16 - INFO - - NO MATCH: Ana-Lucia_Cortez -> Action-potential (LLR=  -0.28, GMM= -28.48)
2026-05-12 15:38:16 - DEBUG - Processing speaker: anthonyschaller-20071221-
2026-05-12 15:38:17 - INFO - - NO MATCH: anthonyschaller-20071221- -> Action-potential (LLR=   0.07, GMM= -30.20)
2026-05-12 15:38:17 - DEBUG - Processing speaker: Apple_Eater-20091026-yul
2026-05-12 15:38:17 - INFO - - NO MATCH: Apple_Eater-20091026-yul -> Action-potential (LLR=  -0.51, GMM= -35.27)
2026-05-12 15:38:17 - DEBUG - Processing speaker: Ara-20091021-wpl
2026-05-12 15:38:19 - INFO - - NO MATCH: Ara-20091021-wpl -> Action-potential (LLR=  -0.42, GMM= -31.18)
2026-05-12 15:38:19 - DEBUG - Processing speaker: Ara2-20-vni
2026-05-12 15:38:20 - INFO - - NO MATCH: Ara2-20-vni     -> Action-potential (LLR=  -0.51, GMM= -32.09)
2026-05-12 15:38:20 - DEBUG - Processing speaker: atamur-20090211-wdo
2026-05-12 15:38:21 - INFO - - NO MATCH: atamur-20090211-wdo -> Action-potential (LLR=  -0.24, GMM= -33.03)
2026-05-12 15:38:21 - DEBUG - Processing speaker: ataru80-20120624-hfe
2026-05-12 15:38:22 - INFO - - NO MATCH: ataru80-20120624-hfe -> Action-potential (LLR=  -0.45, GMM= -32.34)
2026-05-12 15:38:22 - DEBUG - Processing speaker: atterer-01202007-b
2026-05-12 15:38:25 - INFO - - NO MATCH: atterer-01202007-b -> Action-potential (LLR=  -0.40, GMM= -33.16)
2026-05-12 15:38:25 - DEBUG - Processing speaker: Baden-Powell_House
2026-05-12 15:38:37 - INFO - - NO MATCH: Baden-Powell_House -> Action-potential (LLR=  -0.27, GMM= -29.35)
2026-05-12 15:38:37 - DEBUG - Processing speaker: Beverage-can_stove
2026-05-12 15:38:48 - INFO - - NO MATCH: Beverage-can_stove -> Action-potential (LLR=  -0.12, GMM= -26.83)
2026-05-12 15:38:48 - DEBUG - Processing speaker: Davy-Crockett
2026-05-12 15:39:05 - INFO - - NO MATCH: Davy-Crockett   -> Action-potential (LLR=   0.04, GMM= -25.46)
2026-05-12 15:39:05 - INFO - ============================================================
2026-05-12 15:39:05 - INFO - EVALUATION SUMMARY
2026-05-12 15:39:05 - INFO - ============================================================
2026-05-12 15:39:05 - INFO - Total processed:       17
2026-05-12 15:39:05 - INFO - Correct matches:       1
2026-05-12 15:39:05 - INFO - Incorrect matches:     0
2026-05-12 15:39:05 - INFO - No match found:        16
2026-05-12 15:39:05 - INFO - Accuracy:              0.0588 (5.88%)
2026-05-12 15:39:05 - INFO - FNMR:                  0.9412
2026-05-12 15:39:05 - INFO - FMR:                   0.0000
2026-05-12 15:39:05 - INFO - Evaluation time:       139.47s
2026-05-12 15:39:05 - INFO - ============================================================
2026-05-12 15:39:05 - INFO - Metrics saved for stage: evaluation_complete
2026-05-12 15:39:05 - INFO - Summary saved: results\gmm_ubm_1-to-n_20260512_153641\summary.json
2026-05-12 15:39:05 - INFO - 
[OK] GMM-UBM experiment completed successfully

