2026-05-12 12:35:48 - INFO - Config saved: results\rf_1-to-1_20260512_123548\config.json
2026-05-12 12:35:48 - INFO - ============================================================
2026-05-12 12:35:48 - INFO - RANDOM FOREST MODEL TRAINING
2026-05-12 12:35:48 - INFO - ============================================================
2026-05-12 12:35:50 - DEBUG - Loaded 10 files for Action-potential
2026-05-12 12:35:50 - INFO - Loaded 10 samples from 10 files
2026-05-12 12:35:50 - INFO - Training Random Forest with 200 trees...
2026-05-12 12:35:50 - INFO - ============================================================
2026-05-12 12:35:50 - INFO - TRAINING SUMMARY
2026-05-12 12:35:50 - INFO - ============================================================
2026-05-12 12:35:50 - INFO - Speakers:              1
2026-05-12 12:35:50 - INFO - Training samples:      10
2026-05-12 12:35:50 - INFO - Feature dimension:     40
2026-05-12 12:35:50 - INFO - Trees:                 200
2026-05-12 12:35:50 - INFO - Training time:         2.90s
2026-05-12 12:35:50 - INFO - ============================================================
2026-05-12 12:35:50 - INFO - Metrics saved for stage: training_complete
2026-05-12 12:35:50 - INFO - ============================================================
2026-05-12 12:35:50 - INFO - RANDOM FOREST MODEL EVALUATION
2026-05-12 12:35:50 - INFO - ============================================================
2026-05-12 12:35:52 - DEBUG - Loaded 10 files for Action-potential
2026-05-12 12:35:52 - INFO - Loaded 10 test samples
2026-05-12 12:35:52 - INFO - ============================================================
2026-05-12 12:35:52 - INFO - EVALUATION SUMMARY
2026-05-12 12:35:52 - INFO - ============================================================
2026-05-12 12:35:52 - INFO - Total processed:       10
2026-05-12 12:35:52 - INFO - Correct predictions:   10
2026-05-12 12:35:52 - INFO - Incorrect predictions: 0
2026-05-12 12:35:52 - INFO - Accuracy:              1.0000 (100.00%)
2026-05-12 12:35:52 - INFO - FNMR:                  0.0000
2026-05-12 12:35:52 - INFO - FMR:                   0.0000
2026-05-12 12:35:52 - INFO - Evaluation time:       2.02s
2026-05-12 12:35:52 - INFO - ============================================================
2026-05-12 12:35:52 - INFO - Metrics saved for stage: evaluation_complete
2026-05-12 12:35:52 - INFO - Summary saved: results\rf_1-to-1_20260512_123548\summary.json
